
Protocol Entropy — vaultsparkstudios.github.io
──────────────────────────────────────────────────────
  Score  0.224  ✓  healthy
──────────────────────────────────────────────────────
  CURRENT_STATE.md             ░░░░░░░░░░░░  0.000
                               0.0d
  TASK_BOARD.md                ░░░░░░░░░░░░  0.010
                               0.1d
  LATEST_HANDOFF.md            ░░░░░░░░░░░░  0.000
                               0.0d
  SELF_IMPROVEMENT_LOOP        ░░░░░░░░░░░░  0.000
                               0.0d
  Truth audit                  █████░░░░░░░  0.445 ⚠
                               11.9d since run
  IGNIS score                  █░░░░░░░░░░░  0.044
                               0.9d old
  SIL skip pressure            ████████████  1.000 ⛔
                               4 at :1, 11 at :2⛔
  Oldest HAR item              ░░░░░░░░░░░░  0.000
                               0 sessions old (oldest)
  Now bucket                   ░░░░░░░░░░░░  0.000
                               204 open item(s)
──────────────────────────────────────────────────────

